// Jest Snapshot v1, https://goo.gl/fbAQLP

exports[`SearchBar Component expect to render SearchBar Component 1`] = `ShallowWrapper {}`;
