// Jest Snapshot v1, https://goo.gl/fbAQLP

exports[`BreadCrumb Component should render BreadCrumb component 1`] = `ReactWrapper {}`;
