// Jest Snapshot v1, https://goo.gl/fbAQLP

exports[`ProductDetailView should render SearchView component 1`] = `ReactWrapper {}`;
